Fetching all available ServiceCodes from AWS Pricing API...
--------------------------------------------------
Total Service Codes Found: 256
--------------------------------------------------
First 10 Service Codes:
* A4B
* ACM
* AWSAmplify
* AWSAppFabric
* AWSAppRunner
* AWSAppStudio
* AWSAppSync
* AWSApplicationMigrationSvc
* AWSB2Bi
* AWSBCMPricingCalculator
* AWSBackup
* AWSBillingConductor
* AWSBudgets
* AWSCertificateManager
* AWSCleanRooms
* AWSCloudFormation
* AWSCloudMap
* AWSCloudTrail
* AWSCloudWAN
* AWSCodeArtifact
* AWSCodeCommit
* AWSCodeDeploy
* AWSCodePipeline
* AWSComputeOptimizer
* AWSConfig
* AWSCostExplorer
* AWSCountdown
* AWSDataExchange
* AWSDataSync
* AWSDataTransfer
* AWSDatabaseMigrationSvc
* AWSDeepRacer
* AWSDeveloperSupport
* AWSDeviceFarm
* AWSDirectConnect
* AWSDirectoryService
* AWSELB
* AWSElasticDisasterRecovery
* AWSElementalMediaConvert
* AWSElementalMediaLive
* AWSElementalMediaPackage
* AWSElementalMediaStore
* AWSElementalMediaTailor
* AWSEndUserMessaging3pFees
* AWSEnterpriseOnRamp
* AWSEntityResolution
* AWSEvents
* AWSFIS
* AWSFMS
* AWSGlobalAccelerator
* AWSGlueElasticViews
* AWSGlue
* AWSGreengrass
* AWSGroundStation
* AWSIAMAccessAnalyzer
* AWSIncidentDetectionResponse
* AWSIoT1Click
* AWSIoTAnalytics
* AWSIoTEvents
* AWSIoTFleetWise
* AWSIoTSiteWise
* AWSIoTThingsGraph
* AWSIoT
* AWSLakeFormation
* AWSLambda
* AWSM2
* AWSMDC
* AWSManagedServices
* AWSMediaConnect
* AWSMigrationHubRefactorSpaces
* AWSNetworkFirewall
* AWSOutposts
* AWSPCS
* AWSPrivate5G
* AWSQueueService
* AWSR53AppRecoveryController
* AWSRTBFabric
* AWSResilienceHub
* AWSRoboMaker
* AWSSecretsManager
* AWSSecurityHub
* AWSServiceCatalog
* AWSShield
* AWSStorageGatewayDeepArchive
* AWSStorageGateway
* AWSSupplyChain
* AWSSupportBusiness
* AWSSupportEnterprise
* AWSSupportEssential
* AWSSystemsManager
* AWSTelcoNetworkBuilder
* AWSTransfer
* AWSTransform
* AWSWickr
* AWSWisdom
* AWSXRay
* AlexaTopSites
* AlexaWebInfoService
* AmazonA2I
* AmazonApiGateway
* AmazonAppStream
* AmazonAthena
* AmazonBedrockAgentCore
* AmazonBedrockFoundationModels
* AmazonBedrockService
* AmazonBedrock
* AmazonBraket
* AmazonChimeBusinessCalling
* AmazonChimeCallMeAMCS
* AmazonChimeCallMe
* AmazonChimeDialInAMCS
* AmazonChimeDialin
* AmazonChimeFeatures
* AmazonChimeServices
* AmazonChimeVoiceConnector
* AmazonChime
* AmazonCloudDirectory
* AmazonCloudFront
* AmazonCloudSearch
* AmazonCloudWatch
* AmazonCodeWhisperer
* AmazonCognitoSync
* AmazonCognito
* AmazonConnectCases
* AmazonConnectVoiceID
* AmazonConnect
* AmazonDAX
* AmazonDataZone
* AmazonDeadline
* AmazonDetective
* AmazonDevOpsGuru
* AmazonDocDB
* AmazonDynamoDB
* AmazonEC2OCPULicenseFees
* AmazonEC2
* AmazonECRPublic
* AmazonECR
* AmazonECS
* AmazonEFS
* AmazonEI
* AmazonEKSAnywhere
* AmazonEKS
* AmazonES
* AmazonETS
* AmazonEVS
* AmazonElastiCache
* AmazonFSx
* AmazonFinSpace
* AmazonForecast
* AmazonFraudDetector
* AmazonGameLiftStreams
* AmazonGameLift
* AmazonGlacier
* AmazonGrafana
* AmazonGuardDuty
* AmazonHealthLake
* AmazonHoneycode
* AmazonIVSChat
* AmazonIVS
* AmazonInspectorV2
* AmazonInspector
* AmazonKendra
* AmazonKinesisAnalytics
* AmazonKinesisFirehose
* AmazonKinesisVideo
* AmazonKinesis
* AmazonLex
* AmazonLightsail
* AmazonLocationService
* AmazonLookoutEquipment
* AmazonLookoutMetrics
* AmazonLookoutVision
* AmazonMCS
* AmazonML
* AmazonMQ
* AmazonMSK
* AmazonMWAA
* AmazonMacie
* AmazonManagedBlockchain
* AmazonMedicalImaging
* AmazonMemoryDB
* AmazonMonitron
* AmazonNeptune
* AmazonOmics
* AmazonPersonalize
* AmazonPinpoint
* AmazonPolly
* AmazonPrometheus
* AmazonQLDB
* AmazonQ
* AmazonQuickSight
* AmazonRDSOCPULicenseFees
* AmazonRDS
* AmazonRedshift
* AmazonRekognition
* AmazonRoute53
* AmazonS3GlacierDeepArchive
* AmazonS3
* AmazonSES
* AmazonSNS
* AmazonSWF
* AmazonSageMaker
* AmazonSecurityLake
* AmazonSimpleDB
* AmazonStates
* AmazonSumerian
* AmazonTextract
* AmazonTimestream
* AmazonVPC
* AmazonVerifiedPermissions
* AmazonWAM
* AmazonWorkDocs
* AmazonWorkLink
* AmazonWorkMail
* AmazonWorkSpacesThinClient
* AmazonWorkSpacesWeb
* AmazonWorkSpaces
* AppFlow
* AuroraDSQL
* CloudFrontPlans
* CloudHSM
* CodeBuild
* CodeCatalyst
* CodeGuru
* ContactCenterTelecommKR
* ContactCenterTelecommZA
* ContactCenterTelecomm
* ContactLensAmazonConnect
* CustomerProfiles
* DevOpsAgent
* ElasticMapReduce
* IngestionServiceSnowball
* IngestionService
* IoTDeviceDefender
* IoTDeviceManagement
* IoTTwinMaker
* Kiro
* NovaAct
* OpsWorks
* OracleDbAtAWS
* PaymentCryptography
* SSMSAP
* SimSpaceWeaver
* SnowballExtraDays
* VMwareCloudOnAWS
* auditmanager
* awskms
* awswaf
* comprehend
* comprehendmedical
* datapipeline
* mobileanalytics
* nimble
* repostspace
* transcribe
* translate
